---
source: tests/cli/snapshots.rs
---
Get model details

Usage: vendo models get [OPTIONS] <modelId>

Arguments:
  <modelId>  

Options:
      --json  Output raw JSON
  -h, --help  Print help

Global options:
      --profile <name>  Use a specific account profile (or set VENDO_PROFILE)
      --debug           Enable verbose request diagnostics

Examples:
  $ vendo models get <modelId>
  $ vendo models get <modelId> --json
