---
source: tests/cli/snapshots.rs
---
$ vendo login --api-key vendo_sk_fake_gamma_0000 --account acct-gamma --base-url [stub]
exit: 0
--- stdout ---

Demo Account (synthetic) · demo-account
  Account ID:  acct-alpha
  Profile:     demo-account
  Base URL:    [stub]
  API key:     vend...0000  (key ID key_fake_0001, scopes full access)

Profiles
    alpha         acct-alp…  [stub-host]
    beta          acct-bet…  [stub-host]
  * demo-account  acct-gam…  [stub-host]

Checks
  [warn] CLI [version] at [bin] (standard install path is ~/.local/bin/vendo), not on PATH
         Fix: Reinstall with `curl -fsSL https://app2.vendodata.com/install.sh | bash` if you want the managed install path.
         Fix: Add `export PATH="$HOME/.local/bin:$PATH"` to `~/.zshrc`, then restart your shell.
  [ok] Config ~/.config/vendo/config.json
  [warn] Zsh completions are not installed yet
         Fix: Reinstall with `curl -fsSL https://app2.vendodata.com/install.sh | bash` to set them up, or run `vendo completions` for the manual steps.
  [ok] Signed in as Demo Account (synthetic)

Next steps
  Run `vendo help` to see everything you can do.
Done: Vendo CLI setup complete.
