---
source: tests/cli/snapshots.rs
---
$ vendo measurement signals click-path --json
exit: 0
--- stdout ---
{
  "status": {
    "enabled": true,
    "lastComputedAt": null,
    "sampleEstimates": [
      {
        "tier_label": "a"
      },
      {
        "tier_label": "b"
      }
    ],
    "readiness": {
      "available": false,
      "readiness": [
        {
          "key": "clicks",
          "label": "Has click data",
          "ok": true,
          "detail": null
        },
        {
          "key": "conv",
          "label": "Has conversions",
          "ok": false,
          "detail": "No conversions in 30 days"
        }
      ]
    }
  }
}
