---
source: tests/cli/snapshots.rs
---
$ vendo apps get
exit: 2
--- stderr ---
error: the following required arguments were not provided:
  <appId>

Usage: vendo apps get <appId>

For more information, try '--help'.

$ vendo apps get --json
exit: 2
--- stderr ---
{"error":{"message":"the following required arguments were not provided:\n  <appId>","code":null,"status":null,"requestId":null}}
