---
source: tests/cli/snapshots.rs
---
$ vendo catalog get
exit: 2
--- stderr ---
error: the following required arguments were not provided:
  <appType>

Usage: vendo catalog get <appType>

For more information, try '--help'.

$ vendo catalog get --json
exit: 2
--- stderr ---
{"error":{"message":"the following required arguments were not provided:\n  <appType>","code":null,"status":null,"requestId":null}}
