---
source: tests/cli/snapshots.rs
---
$ vendo destinations refresh-source
exit: 2
--- stderr ---
error: the following required arguments were not provided:
  <destinationId>

Usage: vendo destinations refresh-source <destinationId>

For more information, try '--help'.

$ vendo destinations refresh-source --json
exit: 2
--- stderr ---
{"error":{"message":"the following required arguments were not provided:\n  <destinationId>","code":null,"status":null,"requestId":null}}
