---
source: tests/cli/snapshots.rs
---
$ vendo destinations update
exit: 2
--- stderr ---
error: the following required arguments were not provided:
  <destinationId>

Usage: vendo destinations update <destinationId>

For more information, try '--help'.

$ vendo destinations update --json
exit: 2
--- stderr ---
{"error":{"message":"the following required arguments were not provided:\n  <destinationId>","code":null,"status":null,"requestId":null}}
