---
source: tests/cli/snapshots.rs
---
$ vendo dictionary search
exit: 2
--- stderr ---
error: the following required arguments were not provided:
  <query>

Usage: vendo dictionary search <query>

For more information, try '--help'.

$ vendo dictionary search --json
exit: 2
--- stderr ---
{"error":{"message":"the following required arguments were not provided:\n  <query>","code":null,"status":null,"requestId":null}}
