---
source: tests/cli/snapshots.rs
---
$ vendo sources resume
exit: 2
--- stderr ---
error: the following required arguments were not provided:
  <sourceId>

Usage: vendo sources resume <sourceId>

For more information, try '--help'.

$ vendo sources resume --json
exit: 2
--- stderr ---
{"error":{"message":"the following required arguments were not provided:\n  <sourceId>","code":null,"status":null,"requestId":null}}
