---
source: tests/cli/snapshots.rs
---
Show apps that need attention

Usage: vendo apps diagnose [OPTIONS]

Options:
      --json  Output raw JSON
  -h, --help  Print help

Global options:
      --profile <name>  Use a specific account profile
      --debug           Enable verbose request diagnostics

Examples:
  $ vendo apps diagnose
  $ vendo apps diagnose --json
