---
source: tests/cli/snapshots.rs
---
Browse available platforms

Usage: vendo catalog [OPTIONS] <COMMAND>

Commands:
  list  List all available platforms
  get   Get details for a specific platform

Options:
  -h, --help  Print help

Global options:
      --profile <name>  Use a specific account profile
      --debug           Enable verbose request diagnostics
