---
source: tests/cli/snapshots.rs
---
Pause a destination

Usage: vendo destinations pause [OPTIONS] <destinationId>

Arguments:
  <destinationId>  

Options:
      --json            Output raw JSON
      --profile <name>  Use a specific account profile
      --debug           Enable verbose request diagnostics
      --dry-run         Preview the action without executing
      --output <field>  Print a single field (e.g. id)
  -h, --help            Print help

Examples:
  $ vendo destinations pause <destinationId>
  $ vendo destinations pause <destinationId> --dry-run
