---
source: tests/cli/snapshots.rs
---
Delete a destination (soft delete)

Usage: vendo destinations delete [OPTIONS] <destinationId>

Arguments:
  <destinationId>  

Options:
      --json            Output raw JSON
      --profile <name>  Use a specific account profile
      --debug           Enable verbose request diagnostics
  -y, --yes             Skip confirmation prompt
      --dry-run         Preview the action without executing
      --output <field>  Print a single field (e.g. id)
  -h, --help            Print help

Examples:
  $ vendo destinations delete <destinationId>
  $ vendo destinations delete <destinationId> --yes
  $ vendo destinations delete <destinationId> --dry-run
