---
source: tests/cli/snapshots.rs
---
Manage account profiles

Usage: vendo profile [OPTIONS] <COMMAND>

Commands:
  list    List all configured profiles
  switch  Switch to a different profile
  set     Set configuration values

Options:
  -h, --help  Print help

Global options:
      --profile <name>  Use a specific account profile
      --debug           Enable verbose request diagnostics
