---
source: tests/cli/snapshots.rs
---
Show the current authenticated account

Usage: vendo whoami [OPTIONS]

Options:
      --json            Output raw JSON
      --profile <name>  Use a specific account profile
      --debug           Enable verbose request diagnostics
  -h, --help            Print help

Examples:
  $ vendo whoami
  $ vendo whoami --json
